backend/data/sample_data.csv
date,price,units_sold,competitor_price,revenue
2024-04-09,484.87,242,458.24,117114.99
2024-04-10,249.95,597,253.95,149295.03
2024-04-11,214.28,647,252.29,138578.73
2024-04-12,447.44,388,462.53,173736.95
2024-04-13,189.44,787,192.73,149062.91
2024-04-14,485.29,244,467.72,118182.03
2024-04-15,104.86,801,88.16,84003.68
2024-04-16,487.95,292,504.9,142307.88
2024-04-17,117.26,796,166.68,93399.92
2024-04-18,456.46,347,472.64,158372.74
2024-04-19,311.08,544,316.86,169080.15
2024-04-20,497.19,178,520.25,88714.83
2024-04-21,129.52,883,126.04,114377.55
2024-04-22,321.54,607,277.56,195330.58
2024-04-23,487.72,238,493.95,115969.84
2024-04-24,309.24,517,355.0,159801.25
2024-04-25,351.76,487,319.29,171185.18
2024-04-26,378.3,449,397.3,169959.98
2024-04-27,281.82,610,251.91,171965.11
2024-04-28,351.02,574,354.61,201478.69
2024-04-29,333.73,491,293.39,163713.84
2024-04-30,460.46,269,455.5,124044.34
2024-05-01,118.18,754,143.79,89079.0
2024-05-02,212.39,645,197.14,136962.08
2024-05-03,480.16,278,496.66,133532.22
2024-05-04,456.11,406,485.65,184982.54
2024-05-05,282.26,551,324.98,155449.23
2024-05-06,348.05,489,321.52,170236.17
2024-05-07,210.95,683,200.88,144027.83
2024-05-08,175.25,797,140.49,139593.63
2024-05-09,285.48,698,334.73,199301.02
2024-05-10,241.34,611,284.04,147566.74
2024-05-11,333.46,475,337.46,158506.16
2024-05-12,131.09,856,165.3,112159.61
2024-05-13,489.76,299,491.85,146661.78
2024-05-14,494.48,351,506.84,173370.61
